8.6466 	INFO 	Loaded monitor calibration from ['2025_08_06 22:19']
9.0236 	INFO 	Using renderer 'Intel(R) UHD Graphics' for graphics
9.0237 	INFO 	OpenGL version supported by driver is 4..
9.0509 	EXP 	Created window1 = Window(allowGUI=True, allowStencil=False, autoLog=True, backendConf=UNKNOWN, backgroundFit=<method-wrapper '__getattribute__' of attributeSetter object at 0x000001D32B94EF80>, backgroundImage=<method-wrapper '__getattribute__' of attributeSetter object at 0x000001D32B94EFE0>, bitsMode=UNKNOWN, blendMode='avg', bpc=(8, 8, 8), color=array([0, 0, 0]), colorSpace='rgb', depthBits=8, fullscr=False, gamma=None, gammaErrorPolicy='raise', infoMsg=UNKNOWN, lms=UNKNOWN, monitor=<psychopy.monitors.calibTools.Monitor object at 0x000001D32BA4A950>, multiSample=False, name='window1', numSamples=2, pos=[np.float64(192.0), np.float64(108.0)], screen=0, size=array([1536,  864]), stencilBits=0, stereo=False, title='PsychoPy', units='height', useFBO=True, useRetina=False, viewOri=0.0, viewPos=None, viewScale=None, waitBlanking=True, winType='pyglet')
9.0510 	EXP 	window1: backgroundImage = ''
9.0510 	EXP 	window1: backgroundFit = 'none'
9.6518 	EXP 	window1: Attempting to measure frame rate of screen (0) ...
9.6518 	EXP 	window1: recordFrameIntervals = False
9.8330 	EXP 	window1: recordFrameIntervals = True
10.0171 	EXP 	Screen (0) actual frame rate measured at 59.92Hz
10.0172 	EXP 	window1: recordFrameIntervals = False
10.1027 	INFO 	keyboard.Keyboard is using ptb backend.
10.1031 	INFO 	keyboard.Keyboard is using ptb backend.
10.1031 	EXP 	stroop effect aditi: status = STARTED
10.2229 	EXP 	Created text = TextStim(__class__=<class 'psychopy.visual.text.TextStim'>, alignHoriz=method-wrapper(...), alignText='center', alignVert=method-wrapper(...), anchorHoriz='center', anchorVert='center', antialias=True, autoDraw=False, autoLog=True, bold=False, color=array([1., 1., 1.]), colorSpace='rgb', contrast=1.0, depth=0.0, draggable=False, flipHoriz=False, flipVert=False, font='Arial', fontFiles=[], height=np.float64(0.05), italic=False, languageStyle='LTR', name='text', opacity=1, ori=0.0, pos=array([0., 0.]), rgb=UNKNOWN, text='Welcome!', units='height', win=Window(...), wrapWidth=1)
10.2300 	EXP 	Created fixation = ShapeStim(__class__=<class 'psychopy.visual.shape.ShapeStim'>, anchor=('center', 'center'), autoDraw=False, autoLog=True, closeShape=True, color=method-wrapper(...), colorSpace='rgb', contrast=None, depth=0.0, draggable=False, fillColor=array([1, 1, 1]), fillColorSpace='rgb', fillRGB=array([1, 1, 1]), interpolate=True, lineColor=array([1., 1., 1.]), lineColorSpace='rgb', lineRGB=array([1, 1, 1]), lineWidth=1.0, name='fixation', opacity=1, ori=0.0, pos=array([0., 0.]), size=array([10., 10.]), units='pix', vertices=ndarray(...), win=Window(...), windingRule=None)
10.2330 	EXP 	Created text_3 = TextStim(__class__=<class 'psychopy.visual.text.TextStim'>, alignHoriz=method-wrapper(...), alignText='center', alignVert=method-wrapper(...), anchorHoriz='center', anchorVert='center', antialias=True, autoDraw=False, autoLog=True, bold=False, color=array([1., 1., 1.]), colorSpace='rgb', contrast=1.0, depth=-1.0, draggable=False, flipHoriz=False, flipVert=False, font='Arial', fontFiles=[], height=0.05, italic=False, languageStyle='LTR', name='text_3', opacity=1, ori=0.0, pos=array([0., 0.]), rgb=UNKNOWN, text='', units='pix', win=Window(...), wrapWidth=500)
10.2467 	EXP 	Created text_2 = TextStim(__class__=<class 'psychopy.visual.text.TextStim'>, alignHoriz=method-wrapper(...), alignText='center', alignVert=method-wrapper(...), anchorHoriz='center', anchorVert='center', antialias=True, autoDraw=False, autoLog=True, bold=False, color=array([1., 1., 1.]), colorSpace='rgb', contrast=1.0, depth=0.0, draggable=False, flipHoriz=False, flipVert=False, font='Arial', fontFiles=[], height=np.float64(0.05), italic=False, languageStyle='LTR', name='text_2', opacity=1, ori=0.0, pos=array([0., 0.]), rgb=UNKNOWN, text='Thanks!', units='height', win=Window(...), wrapWidth=1)
0.0365 	EXP 	text: autoDraw = True
1.0256 	EXP 	Imported C:/Users/ADITI JAIN/Desktop/psycho py/conditions.xlsx as conditions, 4 conditions, 4 params
1.0273 	EXP 	New trial (rep=0, index=0): <Trial 0 (0 in rep 0) data={'word': 'BLUE', 'colour': 'blue', 'stim_condition': 'C', 'correct_res': 'b', 'thisN': 0, 'thisTrialN': 0, 'thisRepN': 0}>
1.0513 	EXP 	text: autoDraw = False
1.0513 	EXP 	text_3: foreColor = <psychopy.colors.Color: blue, alpha=1.0>
1.0513 	EXP 	text_3: height = np.float64(0.05)
1.0513 	EXP 	text_3: height = np.float64(0.05)
1.0513 	EXP 	text_3: height = np.float64(0.05)
1.0513 	EXP 	text_3: text = 'BLUE'
1.0513 	EXP 	fixation: autoDraw = True
1.5047 	INFO 	Keyboard events cleared
1.5044 	EXP 	fixation: autoDraw = False
1.5044 	EXP 	text_3: autoDraw = True
6.0062 	EXP 	text_3: autoDraw = False
6.0102 	DATA 	Keypress: r
6.0348 	EXP 	Device response: <KeyPress from None: t=6.0082808000152, value=r, duration=None>
6.0353 	EXP 	New trial (rep=0, index=1): <Trial 1 (1 in rep 0) data={'word': 'RED', 'colour': 'red', 'stim_condition': 'C', 'correct_res': 'r', 'thisN': 1, 'thisTrialN': 1, 'thisRepN': 0}>
6.0505 	EXP 	fixation: autoDraw = False
6.0505 	EXP 	text_3: autoDraw = False
6.0505 	EXP 	text_3: foreColor = <psychopy.colors.Color: red, alpha=1.0>
6.0505 	EXP 	text_3: height = np.float64(0.05)
6.0505 	EXP 	text_3: height = np.float64(0.05)
6.0505 	EXP 	text_3: height = np.float64(0.05)
6.0505 	EXP 	text_3: text = 'RED'
6.0505 	EXP 	fixation: autoDraw = True
6.5366 	INFO 	Keyboard events cleared
6.5362 	EXP 	fixation: autoDraw = False
6.5362 	EXP 	text_3: autoDraw = True
6.7221 	EXP 	Device response: <KeyPress from None: t=6.709722900006454, value=space, duration=None>
6.7247 	DATA 	Keypress: space
6.8420 	DATA 	Keypress: r
6.8551 	EXP 	Device response: <KeyPress from None: t=6.709722900006454, value=space, duration=0.12889769999310374>
6.8552 	EXP 	Device response: <KeyPress from None: t=6.840435099991737, value=r, duration=None>
6.8559 	EXP 	New trial (rep=0, index=2): <Trial 2 (2 in rep 0) data={'word': 'RED', 'colour': 'blue', 'stim_condition': 'I', 'correct_res': 'b', 'thisN': 2, 'thisTrialN': 2, 'thisRepN': 0}>
6.8708 	EXP 	fixation: autoDraw = False
6.8708 	EXP 	text_3: autoDraw = False
6.8708 	EXP 	text_3: foreColor = <psychopy.colors.Color: blue, alpha=1.0>
6.8708 	EXP 	text_3: text = 'RED'
6.8708 	EXP 	fixation: autoDraw = True
6.9747 	DATA 	Keypress: space
7.2405 	DATA 	Keypress: space
7.3545 	INFO 	Keyboard events cleared
7.3539 	EXP 	fixation: autoDraw = False
7.3539 	EXP 	text_3: autoDraw = True
7.4716 	EXP 	Device response: <KeyPress from None: t=7.470962999999756, value=space, duration=None>
7.4739 	DATA 	Keypress: space
7.5899 	EXP 	Device response: <KeyPress from None: t=7.470962999999756, value=space, duration=0.11327180001535453>
7.7217 	EXP 	Device response: <KeyPress from None: t=7.712649599998258, value=r, duration=None>
7.7223 	EXP 	New trial (rep=0, index=3): <Trial 3 (3 in rep 0) data={'word': 'BLUE', 'colour': 'red', 'stim_condition': 'I', 'correct_res': 'r', 'thisN': 3, 'thisTrialN': 3, 'thisRepN': 0}>
7.7287 	DATA 	Keypress: r
7.7366 	EXP 	fixation: autoDraw = False
7.7366 	EXP 	text_3: autoDraw = False
7.7366 	EXP 	text_3: foreColor = <psychopy.colors.Color: red, alpha=1.0>
7.7366 	EXP 	text_3: height = np.float64(0.05)
7.7366 	EXP 	text_3: height = np.float64(0.05)
7.7366 	EXP 	text_3: height = np.float64(0.05)
7.7366 	EXP 	text_3: text = 'BLUE'
7.7366 	EXP 	fixation: autoDraw = True
7.7902 	DATA 	Keypress: space
8.2379 	INFO 	Keyboard events cleared
8.2374 	EXP 	fixation: autoDraw = False
8.2374 	EXP 	text_3: autoDraw = True
9.3704 	EXP 	Device response: <KeyPress from None: t=9.356941000005463, value=r, duration=None>
9.3710 	EXP 	New trial (rep=1, index=0): <Trial 4 (0 in rep 1) data={'word': 'RED', 'colour': 'blue', 'stim_condition': 'I', 'correct_res': 'b', 'thisN': 4, 'thisTrialN': 0, 'thisRepN': 1}>
9.3782 	DATA 	Keypress: r
9.3864 	EXP 	fixation: autoDraw = False
9.3864 	EXP 	text_3: autoDraw = False
9.3864 	EXP 	text_3: foreColor = <psychopy.colors.Color: blue, alpha=1.0>
9.3864 	EXP 	text_3: height = np.float64(0.05)
9.3864 	EXP 	text_3: height = np.float64(0.05)
9.3864 	EXP 	text_3: height = np.float64(0.05)
9.3864 	EXP 	text_3: text = 'RED'
9.3864 	EXP 	fixation: autoDraw = True
9.8712 	INFO 	Keyboard events cleared
9.8708 	EXP 	fixation: autoDraw = False
9.8708 	EXP 	text_3: autoDraw = True
10.6385 	EXP 	Device response: <KeyPress from None: t=10.626205700013088, value=r, duration=None>
10.6392 	EXP 	New trial (rep=1, index=1): <Trial 5 (1 in rep 1) data={'word': 'BLUE', 'colour': 'red', 'stim_condition': 'I', 'correct_res': 'r', 'thisN': 5, 'thisTrialN': 1, 'thisRepN': 1}>
10.6458 	DATA 	Keypress: r
10.6681 	EXP 	fixation: autoDraw = False
10.6681 	EXP 	text_3: autoDraw = False
10.6681 	EXP 	text_3: foreColor = <psychopy.colors.Color: red, alpha=1.0>
10.6681 	EXP 	text_3: height = np.float64(0.05)
10.6681 	EXP 	text_3: height = np.float64(0.05)
10.6681 	EXP 	text_3: height = np.float64(0.05)
10.6681 	EXP 	text_3: text = 'BLUE'
10.6681 	EXP 	fixation: autoDraw = True
11.1379 	INFO 	Keyboard events cleared
11.1375 	EXP 	fixation: autoDraw = False
11.1375 	EXP 	text_3: autoDraw = True
11.8728 	EXP 	Device response: <KeyPress from None: t=11.864949200011324, value=r, duration=None>
11.8734 	EXP 	New trial (rep=1, index=2): <Trial 6 (2 in rep 1) data={'word': 'RED', 'colour': 'red', 'stim_condition': 'C', 'correct_res': 'r', 'thisN': 6, 'thisTrialN': 2, 'thisRepN': 1}>
11.8804 	DATA 	Keypress: r
11.9013 	EXP 	fixation: autoDraw = False
11.9013 	EXP 	text_3: autoDraw = False
11.9013 	EXP 	text_3: foreColor = <psychopy.colors.Color: red, alpha=1.0>
11.9013 	EXP 	text_3: height = np.float64(0.05)
11.9013 	EXP 	text_3: height = np.float64(0.05)
11.9013 	EXP 	text_3: height = np.float64(0.05)
11.9013 	EXP 	text_3: text = 'RED'
11.9013 	EXP 	fixation: autoDraw = True
12.3875 	INFO 	Keyboard events cleared
12.3872 	EXP 	fixation: autoDraw = False
12.3872 	EXP 	text_3: autoDraw = True
14.4214 	EXP 	Device response: <KeyPress from None: t=14.414363399991998, value=r, duration=None>
14.4220 	EXP 	New trial (rep=1, index=3): <Trial 7 (3 in rep 1) data={'word': 'BLUE', 'colour': 'blue', 'stim_condition': 'C', 'correct_res': 'b', 'thisN': 7, 'thisTrialN': 3, 'thisRepN': 1}>
14.4284 	DATA 	Keypress: r
14.4364 	EXP 	fixation: autoDraw = False
14.4364 	EXP 	text_3: autoDraw = False
14.4364 	EXP 	text_3: foreColor = <psychopy.colors.Color: blue, alpha=1.0>
14.4364 	EXP 	text_3: height = np.float64(0.05)
14.4364 	EXP 	text_3: height = np.float64(0.05)
14.4364 	EXP 	text_3: height = np.float64(0.05)
14.4364 	EXP 	text_3: text = 'BLUE'
14.4364 	EXP 	fixation: autoDraw = True
14.9380 	INFO 	Keyboard events cleared
14.9376 	EXP 	fixation: autoDraw = False
14.9376 	EXP 	text_3: autoDraw = True
19.4383 	EXP 	text_3: autoDraw = False
19.6050 	EXP 	Device response: <KeyPress from None: t=19.602184699993813, value=r, duration=None>
19.6055 	EXP 	New trial (rep=2, index=0): <Trial 8 (0 in rep 2) data={'word': 'BLUE', 'colour': 'red', 'stim_condition': 'I', 'correct_res': 'r', 'thisN': 8, 'thisTrialN': 0, 'thisRepN': 2}>
19.6087 	DATA 	Keypress: r
19.6194 	EXP 	fixation: autoDraw = False
19.6194 	EXP 	text_3: autoDraw = False
19.6194 	EXP 	text_3: foreColor = <psychopy.colors.Color: red, alpha=1.0>
19.6194 	EXP 	text_3: text = 'BLUE'
19.6194 	EXP 	fixation: autoDraw = True
20.1047 	INFO 	Keyboard events cleared
20.1043 	EXP 	fixation: autoDraw = False
20.1043 	EXP 	text_3: autoDraw = True
20.3203 	EXP 	Device response: <KeyPress from None: t=20.319521800003713, value=r, duration=None>
20.3208 	EXP 	New trial (rep=2, index=1): <Trial 9 (1 in rep 2) data={'word': 'RED', 'colour': 'red', 'stim_condition': 'C', 'correct_res': 'r', 'thisN': 9, 'thisTrialN': 1, 'thisRepN': 2}>
20.3278 	DATA 	Keypress: r
20.3366 	EXP 	fixation: autoDraw = False
20.3366 	EXP 	text_3: autoDraw = False
20.3366 	EXP 	text_3: foreColor = <psychopy.colors.Color: red, alpha=1.0>
20.3366 	EXP 	text_3: height = np.float64(0.05)
20.3366 	EXP 	text_3: height = np.float64(0.05)
20.3366 	EXP 	text_3: height = np.float64(0.05)
20.3366 	EXP 	text_3: text = 'RED'
20.3366 	EXP 	fixation: autoDraw = True
20.8205 	INFO 	Keyboard events cleared
20.8201 	EXP 	fixation: autoDraw = False
20.8201 	EXP 	text_3: autoDraw = True
20.8888 	EXP 	Device response: <KeyPress from None: t=20.87390820001019, value=r, duration=None>
20.8895 	EXP 	New trial (rep=2, index=2): <Trial 10 (2 in rep 2) data={'word': 'BLUE', 'colour': 'blue', 'stim_condition': 'C', 'correct_res': 'b', 'thisN': 10, 'thisTrialN': 2, 'thisRepN': 2}>
20.8967 	DATA 	Keypress: r
20.9177 	EXP 	fixation: autoDraw = False
20.9177 	EXP 	text_3: autoDraw = False
20.9177 	EXP 	text_3: foreColor = <psychopy.colors.Color: blue, alpha=1.0>
20.9177 	EXP 	text_3: height = np.float64(0.05)
20.9177 	EXP 	text_3: height = np.float64(0.05)
20.9177 	EXP 	text_3: height = np.float64(0.05)
20.9177 	EXP 	text_3: text = 'BLUE'
20.9177 	EXP 	fixation: autoDraw = True
21.3237 	DATA 	Keypress: r
21.4034 	INFO 	Keyboard events cleared
21.4029 	EXP 	fixation: autoDraw = False
21.4029 	EXP 	text_3: autoDraw = True
21.5720 	EXP 	Device response: <KeyPress from None: t=21.56125910000992, value=r, duration=None>
21.5725 	EXP 	New trial (rep=2, index=3): <Trial 11 (3 in rep 2) data={'word': 'RED', 'colour': 'blue', 'stim_condition': 'I', 'correct_res': 'b', 'thisN': 11, 'thisTrialN': 3, 'thisRepN': 2}>
21.5791 	DATA 	Keypress: r
21.6001 	EXP 	fixation: autoDraw = False
21.6001 	EXP 	text_3: autoDraw = False
21.6001 	EXP 	text_3: foreColor = <psychopy.colors.Color: blue, alpha=1.0>
21.6001 	EXP 	text_3: height = np.float64(0.05)
21.6001 	EXP 	text_3: height = np.float64(0.05)
21.6001 	EXP 	text_3: height = np.float64(0.05)
21.6001 	EXP 	text_3: text = 'RED'
21.6001 	EXP 	fixation: autoDraw = True
21.7569 	DATA 	Keypress: b
21.9731 	DATA 	Keypress: b
22.0701 	INFO 	Keyboard events cleared
22.0695 	EXP 	fixation: autoDraw = False
22.0695 	EXP 	text_3: autoDraw = True
22.2718 	EXP 	Device response: <KeyPress from None: t=22.269659000012325, value=b, duration=None>
22.2723 	EXP 	New trial (rep=3, index=0): <Trial 12 (0 in rep 3) data={'word': 'RED', 'colour': 'red', 'stim_condition': 'C', 'correct_res': 'r', 'thisN': 12, 'thisTrialN': 0, 'thisRepN': 3}>
22.2753 	DATA 	Keypress: b
22.2872 	EXP 	fixation: autoDraw = False
22.2872 	EXP 	text_3: autoDraw = False
22.2872 	EXP 	text_3: foreColor = <psychopy.colors.Color: red, alpha=1.0>
22.2872 	EXP 	text_3: text = 'RED'
22.2872 	EXP 	fixation: autoDraw = True
22.4212 	DATA 	Keypress: r
22.6071 	DATA 	Keypress: b
22.7759 	DATA 	Keypress: r
22.7867 	INFO 	Keyboard events cleared
22.7862 	EXP 	fixation: autoDraw = False
22.7862 	EXP 	text_3: autoDraw = True
22.8728 	EXP 	Device response: <KeyPress from None: t=6.0082808000152, value=r, duration=16.857716899976367>
22.9241 	DATA 	Keypress: b
22.9383 	EXP 	Device response: <KeyPress from None: t=22.922617100004572, value=b, duration=None>
22.9389 	EXP 	New trial (rep=3, index=1): <Trial 13 (1 in rep 3) data={'word': 'BLUE', 'colour': 'blue', 'stim_condition': 'C', 'correct_res': 'b', 'thisN': 13, 'thisTrialN': 1, 'thisRepN': 3}>
22.9528 	EXP 	fixation: autoDraw = False
22.9528 	EXP 	text_3: autoDraw = False
22.9528 	EXP 	text_3: foreColor = <psychopy.colors.Color: blue, alpha=1.0>
22.9528 	EXP 	text_3: height = np.float64(0.05)
22.9528 	EXP 	text_3: height = np.float64(0.05)
22.9528 	EXP 	text_3: height = np.float64(0.05)
22.9528 	EXP 	text_3: text = 'BLUE'
22.9528 	EXP 	fixation: autoDraw = True
23.0406 	DATA 	Keypress: r
23.1263 	DATA 	Keypress: b
23.2900 	DATA 	Keypress: r
23.3742 	DATA 	Keypress: b
23.4378 	INFO 	Keyboard events cleared
23.4369 	EXP 	fixation: autoDraw = False
23.4369 	EXP 	text_3: autoDraw = True
23.4539 	EXP 	Device response: <KeyPress from None: t=22.269659000012325, value=b, duration=1.1755523999745492>
23.5050 	EXP 	Device response: <KeyPress from None: t=23.490675600012764, value=r, duration=None>
23.5056 	EXP 	New trial (rep=3, index=2): <Trial 14 (2 in rep 3) data={'word': 'RED', 'colour': 'blue', 'stim_condition': 'I', 'correct_res': 'b', 'thisN': 14, 'thisTrialN': 2, 'thisRepN': 3}>
23.5122 	DATA 	Keypress: r
23.5355 	EXP 	fixation: autoDraw = False
23.5355 	EXP 	text_3: autoDraw = False
23.5355 	EXP 	text_3: foreColor = <psychopy.colors.Color: blue, alpha=1.0>
23.5355 	EXP 	text_3: height = np.float64(0.05)
23.5355 	EXP 	text_3: height = np.float64(0.05)
23.5355 	EXP 	text_3: height = np.float64(0.05)
23.5355 	EXP 	text_3: text = 'RED'
23.5355 	EXP 	fixation: autoDraw = True
23.6072 	DATA 	Keypress: b
23.7242 	DATA 	Keypress: r
23.8238 	DATA 	Keypress: b
23.9576 	DATA 	Keypress: r
24.0047 	INFO 	Keyboard events cleared
24.0039 	EXP 	fixation: autoDraw = False
24.0039 	EXP 	text_3: autoDraw = True
24.0377 	EXP 	Device response: <KeyPress from None: t=6.840435099991737, value=r, duration=17.182692000002135>
24.0406 	DATA 	Keypress: b
24.0547 	EXP 	Device response: <KeyPress from None: t=24.038626299996395, value=b, duration=None>
24.0553 	EXP 	New trial (rep=3, index=3): <Trial 15 (3 in rep 3) data={'word': 'BLUE', 'colour': 'red', 'stim_condition': 'I', 'correct_res': 'r', 'thisN': 15, 'thisTrialN': 3, 'thisRepN': 3}>
24.0852 	EXP 	fixation: autoDraw = False
24.0852 	EXP 	text_3: autoDraw = False
24.0852 	EXP 	text_3: foreColor = <psychopy.colors.Color: red, alpha=1.0>
24.0852 	EXP 	text_3: height = np.float64(0.05)
24.0852 	EXP 	text_3: height = np.float64(0.05)
24.0852 	EXP 	text_3: height = np.float64(0.05)
24.0852 	EXP 	text_3: text = 'BLUE'
24.0852 	EXP 	fixation: autoDraw = True
24.1570 	DATA 	Keypress: r
24.2555 	DATA 	Keypress: b
24.3735 	DATA 	Keypress: r
24.4589 	DATA 	Keypress: b
24.5542 	INFO 	Keyboard events cleared
24.5534 	EXP 	fixation: autoDraw = False
24.5534 	EXP 	text_3: autoDraw = True
24.5567 	DATA 	Keypress: r
24.6390 	EXP 	Device response: <KeyPress from None: t=7.712649599998258, value=r, duration=16.91792350000469>
24.6553 	EXP 	Device response: <KeyPress from None: t=24.64896580000641, value=b, duration=None>
24.6559 	EXP 	New trial (rep=4, index=0): <Trial 16 (0 in rep 4) data={'word': 'BLUE', 'colour': 'red', 'stim_condition': 'I', 'correct_res': 'r', 'thisN': 16, 'thisTrialN': 0, 'thisRepN': 4}>
24.6589 	DATA 	Keypress: b
24.6704 	EXP 	fixation: autoDraw = False
24.6704 	EXP 	text_3: autoDraw = False
24.6704 	EXP 	text_3: foreColor = <psychopy.colors.Color: red, alpha=1.0>
24.6704 	EXP 	text_3: text = 'BLUE'
24.6704 	EXP 	fixation: autoDraw = True
24.7562 	DATA 	Keypress: r
24.8416 	DATA 	Keypress: b
24.9756 	DATA 	Keypress: r
25.0415 	DATA 	Keypress: b
25.1712 	INFO 	Keyboard events cleared
25.1705 	EXP 	fixation: autoDraw = False
25.1705 	EXP 	text_3: autoDraw = True
25.1890 	EXP 	Device response: <KeyPress from None: t=25.1885837999871, value=r, duration=None>
25.1896 	EXP 	New trial (rep=4, index=1): <Trial 17 (1 in rep 4) data={'word': 'BLUE', 'colour': 'blue', 'stim_condition': 'C', 'correct_res': 'b', 'thisN': 17, 'thisTrialN': 1, 'thisRepN': 4}>
25.1923 	DATA 	Keypress: r
25.2035 	EXP 	fixation: autoDraw = False
25.2035 	EXP 	text_3: autoDraw = False
25.2035 	EXP 	text_3: foreColor = <psychopy.colors.Color: blue, alpha=1.0>
25.2035 	EXP 	text_3: text = 'BLUE'
25.2035 	EXP 	fixation: autoDraw = True
25.5059 	DATA 	Keypress: b
25.7037 	INFO 	Keyboard events cleared
25.7033 	EXP 	fixation: autoDraw = False
25.7033 	EXP 	text_3: autoDraw = True
26.1220 	EXP 	Device response: <KeyPress from None: t=26.118140900012804, value=b, duration=None>
26.1228 	EXP 	New trial (rep=4, index=2): <Trial 18 (2 in rep 4) data={'word': 'RED', 'colour': 'blue', 'stim_condition': 'I', 'correct_res': 'b', 'thisN': 18, 'thisTrialN': 2, 'thisRepN': 4}>
26.1302 	DATA 	Keypress: b
26.1518 	EXP 	fixation: autoDraw = False
26.1518 	EXP 	text_3: autoDraw = False
26.1518 	EXP 	text_3: foreColor = <psychopy.colors.Color: blue, alpha=1.0>
26.1518 	EXP 	text_3: height = np.float64(0.05)
26.1518 	EXP 	text_3: height = np.float64(0.05)
26.1518 	EXP 	text_3: height = np.float64(0.05)
26.1518 	EXP 	text_3: text = 'RED'
26.1518 	EXP 	fixation: autoDraw = True
26.2222 	DATA 	Keypress: b
26.4902 	DATA 	Keypress: b
26.6379 	INFO 	Keyboard events cleared
26.6372 	EXP 	fixation: autoDraw = False
26.6372 	EXP 	text_3: autoDraw = True
26.7060 	EXP 	Device response: <KeyPress from None: t=26.697940300015034, value=b, duration=None>
26.7066 	EXP 	New trial (rep=4, index=3): <Trial 19 (3 in rep 4) data={'word': 'RED', 'colour': 'red', 'stim_condition': 'C', 'correct_res': 'r', 'thisN': 19, 'thisTrialN': 3, 'thisRepN': 4}>
26.7095 	DATA 	Keypress: b
26.7199 	EXP 	fixation: autoDraw = False
26.7199 	EXP 	text_3: autoDraw = False
26.7199 	EXP 	text_3: foreColor = <psychopy.colors.Color: red, alpha=1.0>
26.7199 	EXP 	text_3: text = 'RED'
26.7199 	EXP 	fixation: autoDraw = True
26.9062 	DATA 	Keypress: b
27.0899 	DATA 	Keypress: b
27.2210 	INFO 	Keyboard events cleared
27.2203 	EXP 	fixation: autoDraw = False
27.2203 	EXP 	text_3: autoDraw = True
27.3209 	EXP 	Device response: <KeyPress from None: t=27.31782130000647, value=b, duration=None>
27.3214 	EXP 	New trial (rep=5, index=0): <Trial 20 (0 in rep 5) data={'word': 'BLUE', 'colour': 'red', 'stim_condition': 'I', 'correct_res': 'r', 'thisN': 20, 'thisTrialN': 0, 'thisRepN': 5}>
27.3281 	DATA 	Keypress: b
27.3363 	EXP 	fixation: autoDraw = False
27.3363 	EXP 	text_3: autoDraw = False
27.3363 	EXP 	text_3: foreColor = <psychopy.colors.Color: red, alpha=1.0>
27.3363 	EXP 	text_3: height = np.float64(0.05)
27.3363 	EXP 	text_3: height = np.float64(0.05)
27.3363 	EXP 	text_3: height = np.float64(0.05)
27.3363 	EXP 	text_3: text = 'BLUE'
27.3363 	EXP 	fixation: autoDraw = True
27.5408 	DATA 	Keypress: b
27.7409 	DATA 	Keypress: b
27.8215 	INFO 	Keyboard events cleared
27.8202 	EXP 	fixation: autoDraw = False
27.8202 	EXP 	text_3: autoDraw = True
27.9384 	EXP 	Device response: <KeyPress from None: t=27.924706899997545, value=b, duration=None>
27.9389 	EXP 	New trial (rep=5, index=1): <Trial 21 (1 in rep 5) data={'word': 'BLUE', 'colour': 'blue', 'stim_condition': 'C', 'correct_res': 'b', 'thisN': 21, 'thisTrialN': 1, 'thisRepN': 5}>
27.9423 	DATA 	Keypress: b
27.9539 	EXP 	fixation: autoDraw = False
27.9539 	EXP 	text_3: autoDraw = False
27.9539 	EXP 	text_3: foreColor = <psychopy.colors.Color: blue, alpha=1.0>
27.9539 	EXP 	text_3: text = 'BLUE'
27.9539 	EXP 	fixation: autoDraw = True
28.1240 	DATA 	Keypress: b
28.3238 	DATA 	Keypress: b
28.4540 	INFO 	Keyboard events cleared
28.4534 	EXP 	fixation: autoDraw = False
28.4534 	EXP 	text_3: autoDraw = True
28.5720 	EXP 	Device response: <KeyPress from None: t=28.571060999995098, value=b, duration=None>
28.5726 	EXP 	New trial (rep=5, index=2): <Trial 22 (2 in rep 5) data={'word': 'RED', 'colour': 'blue', 'stim_condition': 'I', 'correct_res': 'b', 'thisN': 22, 'thisTrialN': 2, 'thisRepN': 5}>
28.5841 	DATA 	Keypress: b
28.5999 	EXP 	fixation: autoDraw = False
28.5999 	EXP 	text_3: autoDraw = False
28.5999 	EXP 	text_3: foreColor = <psychopy.colors.Color: blue, alpha=1.0>
28.5999 	EXP 	text_3: height = np.float64(0.05)
28.5999 	EXP 	text_3: height = np.float64(0.05)
28.5999 	EXP 	text_3: height = np.float64(0.05)
28.5999 	EXP 	text_3: text = 'RED'
28.5999 	EXP 	fixation: autoDraw = True
28.7904 	DATA 	Keypress: b
28.9735 	DATA 	Keypress: b
29.0875 	INFO 	Keyboard events cleared
29.0869 	EXP 	fixation: autoDraw = False
29.0869 	EXP 	text_3: autoDraw = True
29.1905 	DATA 	Keypress: b
29.2042 	EXP 	Device response: <KeyPress from None: t=29.18958040000871, value=b, duration=None>
29.2048 	EXP 	New trial (rep=5, index=3): <Trial 23 (3 in rep 5) data={'word': 'RED', 'colour': 'red', 'stim_condition': 'C', 'correct_res': 'r', 'thisN': 23, 'thisTrialN': 3, 'thisRepN': 5}>
29.2203 	EXP 	fixation: autoDraw = False
29.2203 	EXP 	text_3: autoDraw = False
29.2203 	EXP 	text_3: foreColor = <psychopy.colors.Color: red, alpha=1.0>
29.2203 	EXP 	text_3: text = 'RED'
29.2203 	EXP 	fixation: autoDraw = True
29.4040 	DATA 	Keypress: b
29.6060 	DATA 	Keypress: b
29.7034 	INFO 	Keyboard events cleared
29.7028 	EXP 	fixation: autoDraw = False
29.7028 	EXP 	text_3: autoDraw = True
29.8392 	EXP 	Device response: <KeyPress from None: t=29.82671449999907, value=b, duration=None>
29.8398 	EXP 	New trial (rep=6, index=0): <Trial 24 (0 in rep 6) data={'word': 'BLUE', 'colour': 'red', 'stim_condition': 'I', 'correct_res': 'r', 'thisN': 24, 'thisTrialN': 0, 'thisRepN': 6}>
29.8460 	DATA 	Keypress: b
29.8682 	EXP 	fixation: autoDraw = False
29.8682 	EXP 	text_3: autoDraw = False
29.8682 	EXP 	text_3: foreColor = <psychopy.colors.Color: red, alpha=1.0>
29.8682 	EXP 	text_3: height = np.float64(0.05)
29.8682 	EXP 	text_3: height = np.float64(0.05)
29.8682 	EXP 	text_3: height = np.float64(0.05)
29.8682 	EXP 	text_3: text = 'BLUE'
29.8682 	EXP 	fixation: autoDraw = True
30.0572 	DATA 	Keypress: b
30.2388 	DATA 	Keypress: b
30.3537 	INFO 	Keyboard events cleared
30.3531 	EXP 	fixation: autoDraw = False
30.3531 	EXP 	text_3: autoDraw = True
30.4238 	EXP 	Device response: <KeyPress from None: t=30.40699930000119, value=b, duration=None>
30.4251 	EXP 	New trial (rep=6, index=1): <Trial 25 (1 in rep 6) data={'word': 'RED', 'colour': 'blue', 'stim_condition': 'I', 'correct_res': 'b', 'thisN': 25, 'thisTrialN': 1, 'thisRepN': 6}>
30.4349 	DATA 	Keypress: b
30.4508 	EXP 	fixation: autoDraw = False
30.4508 	EXP 	text_3: autoDraw = False
30.4508 	EXP 	text_3: foreColor = <psychopy.colors.Color: blue, alpha=1.0>
30.4508 	EXP 	text_3: height = np.float64(0.05)
30.4508 	EXP 	text_3: height = np.float64(0.05)
30.4508 	EXP 	text_3: height = np.float64(0.05)
30.4508 	EXP 	text_3: text = 'RED'
30.4508 	EXP 	fixation: autoDraw = True
30.7239 	DATA 	Keypress: b
30.9376 	INFO 	Keyboard events cleared
30.9371 	EXP 	fixation: autoDraw = False
30.9371 	EXP 	text_3: autoDraw = True
30.9402 	DATA 	Keypress: b
31.0383 	EXP 	Device response: <KeyPress from None: t=22.922617100004572, value=b, duration=8.112768499995582>
31.1385 	EXP 	Device response: <KeyPress from None: t=31.12987959999009, value=b, duration=None>
31.1391 	EXP 	New trial (rep=6, index=2): <Trial 26 (2 in rep 6) data={'word': 'RED', 'colour': 'red', 'stim_condition': 'C', 'correct_res': 'r', 'thisN': 26, 'thisTrialN': 2, 'thisRepN': 6}>
31.1421 	DATA 	Keypress: b
31.1536 	EXP 	fixation: autoDraw = False
31.1536 	EXP 	text_3: autoDraw = False
31.1536 	EXP 	text_3: foreColor = <psychopy.colors.Color: red, alpha=1.0>
31.1536 	EXP 	text_3: text = 'RED'
31.1536 	EXP 	fixation: autoDraw = True
31.3236 	DATA 	Keypress: b
31.4881 	DATA 	Keypress: b
31.6373 	INFO 	Keyboard events cleared
31.6367 	EXP 	fixation: autoDraw = False
31.6367 	EXP 	text_3: autoDraw = True
31.6545 	EXP 	Device response: <KeyPress from None: t=31.645069799997145, value=b, duration=None>
31.6551 	EXP 	New trial (rep=6, index=3): <Trial 27 (3 in rep 6) data={'word': 'BLUE', 'colour': 'blue', 'stim_condition': 'C', 'correct_res': 'b', 'thisN': 27, 'thisTrialN': 3, 'thisRepN': 6}>
31.6616 	DATA 	Keypress: b
31.6695 	EXP 	fixation: autoDraw = False
31.6695 	EXP 	text_3: autoDraw = False
31.6695 	EXP 	text_3: foreColor = <psychopy.colors.Color: blue, alpha=1.0>
31.6695 	EXP 	text_3: height = np.float64(0.05)
31.6695 	EXP 	text_3: height = np.float64(0.05)
31.6695 	EXP 	text_3: height = np.float64(0.05)
31.6695 	EXP 	text_3: text = 'BLUE'
31.6695 	EXP 	fixation: autoDraw = True
32.1542 	INFO 	Keyboard events cleared
32.1538 	EXP 	fixation: autoDraw = False
32.1538 	EXP 	text_3: autoDraw = True
32.3903 	EXP 	Device response: <KeyPress from None: t=32.383592700003646, value=b, duration=None>
32.3909 	EXP 	New trial (rep=7, index=0): <Trial 28 (0 in rep 7) data={'word': 'RED', 'colour': 'red', 'stim_condition': 'C', 'correct_res': 'r', 'thisN': 28, 'thisTrialN': 0, 'thisRepN': 7}>
32.3972 	DATA 	Keypress: b
32.4178 	EXP 	fixation: autoDraw = False
32.4178 	EXP 	text_3: autoDraw = False
32.4178 	EXP 	text_3: foreColor = <psychopy.colors.Color: red, alpha=1.0>
32.4178 	EXP 	text_3: height = np.float64(0.05)
32.4178 	EXP 	text_3: height = np.float64(0.05)
32.4178 	EXP 	text_3: height = np.float64(0.05)
32.4178 	EXP 	text_3: text = 'RED'
32.4178 	EXP 	fixation: autoDraw = True
32.7909 	DATA 	Keypress: b
32.9039 	INFO 	Keyboard events cleared
32.9034 	EXP 	fixation: autoDraw = False
32.9034 	EXP 	text_3: autoDraw = True
33.1050 	EXP 	Device response: <KeyPress from None: t=33.09284050000133, value=b, duration=None>
33.1055 	EXP 	New trial (rep=7, index=1): <Trial 29 (1 in rep 7) data={'word': 'RED', 'colour': 'blue', 'stim_condition': 'I', 'correct_res': 'b', 'thisN': 29, 'thisTrialN': 1, 'thisRepN': 7}>
33.1086 	DATA 	Keypress: b
33.1209 	EXP 	fixation: autoDraw = False
33.1209 	EXP 	text_3: autoDraw = False
33.1209 	EXP 	text_3: foreColor = <psychopy.colors.Color: blue, alpha=1.0>
33.1209 	EXP 	text_3: text = 'RED'
33.1209 	EXP 	fixation: autoDraw = True
33.4069 	DATA 	Keypress: b
33.6032 	INFO 	Keyboard events cleared
33.6027 	EXP 	fixation: autoDraw = False
33.6027 	EXP 	text_3: autoDraw = True
33.6893 	EXP 	Device response: <KeyPress from None: t=33.68569800001569, value=b, duration=None>
33.6902 	EXP 	New trial (rep=7, index=2): <Trial 30 (2 in rep 7) data={'word': 'BLUE', 'colour': 'red', 'stim_condition': 'I', 'correct_res': 'r', 'thisN': 30, 'thisTrialN': 2, 'thisRepN': 7}>
33.7018 	DATA 	Keypress: b
33.7177 	EXP 	fixation: autoDraw = False
33.7177 	EXP 	text_3: autoDraw = False
33.7177 	EXP 	text_3: foreColor = <psychopy.colors.Color: red, alpha=1.0>
33.7177 	EXP 	text_3: height = np.float64(0.05)
33.7177 	EXP 	text_3: height = np.float64(0.05)
33.7177 	EXP 	text_3: height = np.float64(0.05)
33.7177 	EXP 	text_3: text = 'BLUE'
33.7177 	EXP 	fixation: autoDraw = True
33.9562 	DATA 	Keypress: b
34.2041 	INFO 	Keyboard events cleared
34.2036 	EXP 	fixation: autoDraw = False
34.2036 	EXP 	text_3: autoDraw = True
34.2068 	DATA 	Keypress: b
34.2886 	EXP 	Device response: <KeyPress from None: t=24.038626299996395, value=b, duration=10.247018499998376>
34.4709 	EXP 	Device response: <KeyPress from None: t=34.46195759999682, value=b, duration=None>
34.4716 	EXP 	New trial (rep=7, index=3): <Trial 31 (3 in rep 7) data={'word': 'BLUE', 'colour': 'blue', 'stim_condition': 'C', 'correct_res': 'b', 'thisN': 31, 'thisTrialN': 3, 'thisRepN': 7}>
34.4744 	DATA 	Keypress: b
34.4867 	EXP 	fixation: autoDraw = False
34.4867 	EXP 	text_3: autoDraw = False
34.4867 	EXP 	text_3: foreColor = <psychopy.colors.Color: blue, alpha=1.0>
34.4867 	EXP 	text_3: text = 'BLUE'
34.4867 	EXP 	fixation: autoDraw = True
34.7240 	DATA 	Keypress: b
34.9558 	DATA 	Keypress: b
34.9878 	INFO 	Keyboard events cleared
34.9873 	EXP 	fixation: autoDraw = False
34.9873 	EXP 	text_3: autoDraw = True
35.0223 	EXP 	Device response: <KeyPress from None: t=24.64896580000641, value=b, duration=10.36430349998409>
35.2049 	EXP 	Device response: <KeyPress from None: t=35.20146260000183, value=b, duration=None>
35.2055 	EXP 	New trial (rep=8, index=0): <Trial 32 (0 in rep 8) data={'word': 'RED', 'colour': 'blue', 'stim_condition': 'I', 'correct_res': 'b', 'thisN': 32, 'thisTrialN': 0, 'thisRepN': 8}>
35.2129 	DATA 	Keypress: b
35.2347 	EXP 	fixation: autoDraw = False
35.2347 	EXP 	text_3: autoDraw = False
35.2347 	EXP 	text_3: foreColor = <psychopy.colors.Color: blue, alpha=1.0>
35.2347 	EXP 	text_3: height = np.float64(0.05)
35.2347 	EXP 	text_3: height = np.float64(0.05)
35.2347 	EXP 	text_3: height = np.float64(0.05)
35.2347 	EXP 	text_3: text = 'RED'
35.2347 	EXP 	fixation: autoDraw = True
35.4740 	DATA 	Keypress: b
35.6747 	DATA 	Keypress: b
35.7038 	INFO 	Keyboard events cleared
35.7032 	EXP 	fixation: autoDraw = False
35.7032 	EXP 	text_3: autoDraw = True
35.7390 	EXP 	Device response: <KeyPress from None: t=26.118140900012804, value=b, duration=9.618670299998485>
35.8570 	EXP 	Device response: <KeyPress from None: t=35.84761110000545, value=b, duration=None>
35.8589 	EXP 	New trial (rep=8, index=1): <Trial 33 (1 in rep 8) data={'word': 'BLUE', 'colour': 'blue', 'stim_condition': 'C', 'correct_res': 'b', 'thisN': 33, 'thisTrialN': 1, 'thisRepN': 8}>
35.8739 	DATA 	Keypress: b
35.8827 	EXP 	fixation: autoDraw = False
35.8827 	EXP 	text_3: autoDraw = False
35.8827 	EXP 	text_3: foreColor = <psychopy.colors.Color: blue, alpha=1.0>
35.8827 	EXP 	text_3: height = np.float64(0.05)
35.8827 	EXP 	text_3: height = np.float64(0.05)
35.8827 	EXP 	text_3: height = np.float64(0.05)
35.8827 	EXP 	text_3: text = 'BLUE'
35.8827 	EXP 	fixation: autoDraw = True
36.3707 	INFO 	Keyboard events cleared
36.3703 	EXP 	fixation: autoDraw = False
36.3703 	EXP 	text_3: autoDraw = True
38.8877 	EXP 	Device response: <KeyPress from None: t=38.874310200015316, value=b, duration=None>
38.8882 	EXP 	New trial (rep=8, index=2): <Trial 34 (2 in rep 8) data={'word': 'BLUE', 'colour': 'red', 'stim_condition': 'I', 'correct_res': 'r', 'thisN': 34, 'thisTrialN': 2, 'thisRepN': 8}>
38.8914 	DATA 	Keypress: b
38.9029 	EXP 	fixation: autoDraw = False
38.9029 	EXP 	text_3: autoDraw = False
38.9029 	EXP 	text_3: foreColor = <psychopy.colors.Color: red, alpha=1.0>
38.9029 	EXP 	text_3: text = 'BLUE'
38.9029 	EXP 	fixation: autoDraw = True
39.3069 	DATA 	Keypress: r
39.3877 	INFO 	Keyboard events cleared
39.3872 	EXP 	fixation: autoDraw = False
39.3872 	EXP 	text_3: autoDraw = True
39.4393 	EXP 	Device response: <KeyPress from None: t=9.356941000005463, value=r, duration=30.077995800005738>
39.6914 	DATA 	Keypress: r
39.7036 	EXP 	Device response: <KeyPress from None: t=39.690343700000085, value=r, duration=None>
39.7041 	EXP 	New trial (rep=8, index=3): <Trial 35 (3 in rep 8) data={'word': 'RED', 'colour': 'red', 'stim_condition': 'C', 'correct_res': 'r', 'thisN': 35, 'thisTrialN': 3, 'thisRepN': 8}>
39.7193 	EXP 	fixation: autoDraw = False
39.7193 	EXP 	text_3: autoDraw = False
39.7193 	EXP 	text_3: foreColor = <psychopy.colors.Color: red, alpha=1.0>
39.7193 	EXP 	text_3: height = np.float64(0.05)
39.7193 	EXP 	text_3: height = np.float64(0.05)
39.7193 	EXP 	text_3: height = np.float64(0.05)
39.7193 	EXP 	text_3: text = 'RED'
39.7193 	EXP 	fixation: autoDraw = True
40.2036 	INFO 	Keyboard events cleared
40.2033 	EXP 	fixation: autoDraw = False
40.2033 	EXP 	text_3: autoDraw = True
40.2889 	EXP 	Device response: <KeyPress from None: t=40.28252020000946, value=r, duration=None>
40.2895 	EXP 	New trial (rep=9, index=0): <Trial 36 (0 in rep 9) data={'word': 'RED', 'colour': 'red', 'stim_condition': 'C', 'correct_res': 'r', 'thisN': 36, 'thisTrialN': 0, 'thisRepN': 9}>
40.2925 	DATA 	Keypress: r
40.3036 	EXP 	fixation: autoDraw = False
40.3036 	EXP 	text_3: autoDraw = False
40.3036 	EXP 	text_3: foreColor = <psychopy.colors.Color: red, alpha=1.0>
40.3036 	EXP 	text_3: text = 'RED'
40.3036 	EXP 	fixation: autoDraw = True
40.5902 	DATA 	Keypress: r
40.8174 	INFO 	Keyboard events cleared
40.8170 	EXP 	fixation: autoDraw = False
40.8170 	EXP 	text_3: autoDraw = True
40.8360 	EXP 	Device response: <KeyPress from None: t=40.8337109000131, value=r, duration=None>
40.8363 	EXP 	New trial (rep=9, index=1): <Trial 37 (1 in rep 9) data={'word': 'RED', 'colour': 'blue', 'stim_condition': 'I', 'correct_res': 'b', 'thisN': 37, 'thisTrialN': 1, 'thisRepN': 9}>
40.8382 	DATA 	Keypress: r
40.8534 	EXP 	fixation: autoDraw = False
40.8534 	EXP 	text_3: autoDraw = False
40.8534 	EXP 	text_3: foreColor = <psychopy.colors.Color: blue, alpha=1.0>
40.8534 	EXP 	text_3: text = 'RED'
40.8534 	EXP 	fixation: autoDraw = True
41.0736 	DATA 	Keypress: r
41.2902 	DATA 	Keypress: r
41.3373 	INFO 	Keyboard events cleared
41.3367 	EXP 	fixation: autoDraw = False
41.3367 	EXP 	text_3: autoDraw = True
41.3881 	EXP 	Device response: <KeyPress from None: t=10.626205700013088, value=r, duration=30.748970199987525>
41.5071 	DATA 	Keypress: r
41.5216 	EXP 	Device response: <KeyPress from None: t=41.505395899992436, value=r, duration=None>
41.5224 	EXP 	New trial (rep=9, index=2): <Trial 38 (2 in rep 9) data={'word': 'BLUE', 'colour': 'red', 'stim_condition': 'I', 'correct_res': 'r', 'thisN': 38, 'thisTrialN': 2, 'thisRepN': 9}>
41.5509 	EXP 	fixation: autoDraw = False
41.5509 	EXP 	text_3: autoDraw = False
41.5509 	EXP 	text_3: foreColor = <psychopy.colors.Color: red, alpha=1.0>
41.5509 	EXP 	text_3: height = np.float64(0.05)
41.5509 	EXP 	text_3: height = np.float64(0.05)
41.5509 	EXP 	text_3: height = np.float64(0.05)
41.5509 	EXP 	text_3: text = 'BLUE'
41.5509 	EXP 	fixation: autoDraw = True
41.7236 	DATA 	Keypress: r
41.9570 	DATA 	Keypress: r
42.0201 	INFO 	Keyboard events cleared
42.0196 	EXP 	fixation: autoDraw = False
42.0196 	EXP 	text_3: autoDraw = True
42.0544 	EXP 	Device response: <KeyPress from None: t=11.864949200011324, value=r, duration=30.176752799976384>
42.2572 	DATA 	Keypress: r
42.2711 	EXP 	Device response: <KeyPress from None: t=42.256265800009714, value=r, duration=None>
42.2718 	EXP 	New trial (rep=9, index=3): <Trial 39 (3 in rep 9) data={'word': 'BLUE', 'colour': 'blue', 'stim_condition': 'C', 'correct_res': 'b', 'thisN': 39, 'thisTrialN': 3, 'thisRepN': 9}>
42.2872 	EXP 	fixation: autoDraw = False
42.2872 	EXP 	text_3: autoDraw = False
42.2872 	EXP 	text_3: foreColor = <psychopy.colors.Color: blue, alpha=1.0>
42.2872 	EXP 	text_3: text = 'BLUE'
42.2872 	EXP 	fixation: autoDraw = True
42.5237 	DATA 	Keypress: r
42.7587 	DATA 	Keypress: r
42.7704 	INFO 	Keyboard events cleared
42.7697 	EXP 	fixation: autoDraw = False
42.7697 	EXP 	text_3: autoDraw = True
42.8542 	EXP 	Device response: <KeyPress from None: t=14.414363399991998, value=r, duration=28.42857400001958>
43.1549 	EXP 	Device response: <KeyPress from None: t=43.14461479999591, value=r, duration=None>
43.1615 	DATA 	Keypress: r
43.1837 	EXP 	fixation: autoDraw = False
43.1837 	EXP 	text_3: autoDraw = False
43.1837 	EXP 	text_2: autoDraw = True
43.4734 	DATA 	Keypress: r
44.0908 	DATA 	Keypress: r
44.1876 	EXP 	text_2: autoDraw = False
44.1879 	EXP 	stroop effect aditi: status = STOPPED
44.2251 	INFO 	saved data to 'C:\\Users\\ADITI JAIN\\Desktop\\psycho py\\data\\598103_stroop effect aditi_2025-08-23_16h07.16.756.csv'
44.2272 	INFO 	saved data to C:\Users\ADITI JAIN\Desktop\psycho py\data\598103_stroop effect aditi_2025-08-23_16h07.16.756.psydat
44.9042 	WARNING 	Stopping key buffers but this could be dangerous ifother keyboards rely on the same.
44.9900 	WARNING 	Stopping key buffers but this could be dangerous ifother keyboards rely on the same.
